// Jest Snapshot v1, https://goo.gl/fbAQLP

exports[`QuizEnd Component should render correctly 1`] = `
<Quiz
  quizData={
    Object {
      "quizQuestions": Array [
        Object {
          "answer": "7",
          "answerOptions": Array [
            "5",
            "6",
            "7",
            "8",
          ],
          "id": 1,
          "instructionText": "How many continents are there on Planet Earth?",
        },
        Object {
          "answer": "4",
          "answerOptions": Array [
            "1",
            "2",
            "3",
            "4",
          ],
          "id": 2,
          "instructionText": "What's your favorite number?",
        },
      ],
    }
  }
/>
`;
