// Jest Snapshot v1, https://goo.gl/fbAQLP

exports[`QuizEnd Component should render correctly 1`] = `
<div
  className="quiz-end"
>
  <p>
    Thanks for playing!
  </p>
  <button
    className="reset-button"
    onClick={[Function]}
  >
    Reset Quiz
  </button>
</div>
`;
