// Jest Snapshot v1, https://goo.gl/fbAQLP

exports[`QuizEnd Component should render correctly 1`] = `
<button
  className="button"
  onClick={[Function]}
>
  first button
</button>
`;
