// Jest Snapshot v1, https://goo.gl/fbAQLP

exports[`Quiz Component should render correctly 1`] = `
<div
  className="container"
>
  <QuizQuestion
    quizQuestion={
      Object {
        "answer": "7",
        "answerOptions": Array [
          "5",
          "6",
          "7",
          "8",
        ],
        "id": 1,
        "instructionText": "How many continents are there on Planet Earth?",
      }
    }
    showNextQuestionHandler={[Function]}
  />
</div>
`;
